// Jest Snapshot v1, https://goo.gl/fbAQLP

exports[`should render a h1 1`] = `
<h1
  className="sc-bdVaJa eBSsgv"
/>
`;
