// Jest Snapshot v1, https://goo.gl/fbAQLP

exports[`should render a Container 1`] = `
<styled.div
  className="App"
/>
`;
